<!DOCTYPE html>
<html>
  <head>
    <meta charset="utf-8">
    <title>Simple Nest Chat</title>
  </head>
  <body>
    <h2>Simple Nest Chat</h2>
    <div> <!-- ❶ 채팅방 목록 -->
        <h2>채팅방 목록</h2>
        <ul id="rooms"></ul>
      </div>
  
    <div id="chat"></div>  <!-- ❶ 채팅 영역  -->

    <input type="text" id="message" placeholder="메시지를 입력해주세요."> <!-- ❷ 글 입력 영역  -->
    <button onclick="sendMessage()">전송</button> <!-- ❸ [전송] 버튼  -->
    <button onclick="createRoom()">방 만들기</button> <!-- ❷ [방 만들기] 버튼 -->
    <div> <!-- ❶ 공지 영역 추가 -->
        <h2>공지</h2>
        <div id="notice"></div> 
      </div>
  
  </body>
  <script  src="https://code.jquery.com/jquery-3.6.1.slim.js"></script> <!-- ❹ jquery 로드  -->
  <script src="http://localhost:3000/socket.io/socket.io.js"></script> <!-- ❺ socket.io 클라이언트 로드 -->
  <script src="http://localhost:3000/script.js"></script> 
  <script>
    const socket = io('http://localhost:3000'); // ❻ socket.io 인스턴스 생성 

    function sendMessage() { // ❼ [전송] 버튼 클릭 시 입력된 글을 message 이벤트로 보냄
      const message = $('#message').val();
      socket.emit('message', message);
    }
    
    socket.on('connect', () => {       // ❽ 서버 접속을 확인을 위한 이벤트 
      console.log('connected');
    });


    socket.on('message', (message) => { // ❾ 서버에서 message 이벤트 발생 시 처리
      $('#chat').append(`<div>${message}</div>`);
    });
  </script>
</html> 
