{
  "dependencies": {
    "@nestjs/platform-express": "^9.2.1"
  }
}
