{
  "dependencies": {
    "@nestjs/platform-socket.io": "^9.2.1",
    "@nestjs/websockets": "^9.2.1"
  },
  "devDependencies": {
    "@types/socket.io": "^3.0.2"
  }
}
