{
  "dependencies": {
    "@nestjs/common": "^9.2.1",
    "@nestjs/core": "^9.2.1",
    "@nestjs/platform-express": "^9.2.1",
    "reflect-metadata": "^0.1.13",
    "typescript": "^4.9.4"
  }
}
